// Jest Snapshot v1, https://goo.gl/fbAQLP

exports[`Counter view Debe de hacer match con el snapshot 1`] = `
<h2>Counter Counter</h2>
<p>0 <sup>2</sup> = 0</p>
<div><button type="button">+1</button><button type="button">-1</button></div>
`;
